---
source: conformance/src/coverage/matrix.rs
expression: render_coverage_matrix()
---
feature                    | maturity | ansi     | postgres | mysql    | sqlite   | duckdb   | positive case                                                | negative case
---------------------------+----------+----------+----------+----------+----------+----------+--------------------------------------------------------------+-----------------------------------------------------------------------
identifier_casing          | stable   | baseline | diverges | diverges | diverges | diverges | ansi_identifier_casing_folds_upper                           | postgres_identifier_casing_folds_lower
identifier_quote           | stable   | baseline | baseline | diverges | diverges | baseline | ansi_identifier_quote_accepts_double_quote                   | custom_identifier_quote_accepts_backtick
default_null_ordering      | stable   | baseline | baseline | diverges | diverges | baseline | ansi_default_null_ordering_places_nulls_last                 | custom_default_null_ordering_places_nulls_first
reserved_column_name       | stable   | baseline | baseline | diverges | diverges | diverges | reserved_keyword_rejects_column_name                         | cleared_column_name_accepts_keyword
reserved_function_name     | stable   | baseline | baseline | diverges | diverges | diverges | reserved_keyword_rejects_function_name                       | cleared_function_name_accepts_keyword
reserved_type_name         | stable   | baseline | baseline | diverges | diverges | diverges | col_name_keyword_rejects_type_name                           | cleared_type_name_accepts_keyword
reserved_bare_alias        | stable   | baseline | baseline | diverges | diverges | diverges | as_label_keyword_rejects_bare_alias                          | cleared_bare_alias_accepts_keyword
reserved_as_label          | stable   | baseline | baseline | baseline | diverges | baseline | reserved_keyword_rejects_as_label                            | empty_as_label_set_accepts_keyword
catalog_qualified_names    | stable   | baseline | baseline | diverges | diverges | baseline | sqlite_relation_name_capped_at_two_parts                     | catalog_qualified_relation_name_accepts_three_parts
byte_classes               | stable   | baseline | diverges | diverges | diverges | diverges | ansi_byte_class_tokenizes_plus_operator                      | custom_byte_class_accepts_at_identifier
binding_powers             | stable   | baseline | diverges | diverges | diverges | diverges | ansi_binding_power_structures_concat_below_multiply          | custom_binding_power_structures_concat_above_multiply
set_operation_powers       | stable   | baseline | baseline | baseline | baseline | baseline | ansi_set_operation_power_structures_intersect_under_union    | custom_set_operation_power_structures_union_under_intersect
string_literals            | stable   | baseline | diverges | diverges | diverges | diverges | postgres_string_literals_accept_pg_extensions                | disabled_pg_string_literals_reject_pg_extensions
numeric_literals           | stable   | baseline | diverges | diverges | diverges | diverges | hex_numeric_literal_accepts                                  | ansi_rejects_dialect_numeric_literal
parameters                 | stable   | baseline | diverges | diverges | diverges | diverges | positional_parameter_accepts                                 | ansi_rejects_parameter_placeholder
session_variables          | stable   | baseline | baseline | diverges | baseline | baseline | mysql_session_variable_accepts                               | ansi_rejects_session_variable
identifier_syntax          | stable   | baseline | diverges | diverges | diverges | diverges | postgres_accepts_dollar_in_identifier                        | ansi_rejects_dollar_in_identifier
table_expressions          | stable   | baseline | diverges | diverges | diverges | diverges | postgres_table_expressions_accept_only                       | ansi_table_expressions_reject_only
join_syntax                | stable   | baseline | diverges | diverges | diverges | diverges | postgres_join_syntax_accepts_full_outer_join                 | mysql_join_syntax_rejects_full_outer_join
table_factor_syntax        | stable   | baseline | diverges | diverges | diverges | diverges | postgres_table_factor_syntax_accepts_lateral                 | disabled_table_factor_syntax_rejects_lateral
expression_syntax          | stable   | baseline | diverges | diverges | diverges | diverges | postgres_expression_syntax_accepts_pg_forms                  | ansi_expression_syntax_rejects_pg_forms
operator_syntax            | stable   | baseline | diverges | diverges | diverges | diverges | postgres_operator_syntax_accepts_pg_forms                    | ansi_operator_syntax_rejects_pg_forms
call_syntax                | stable   | baseline | diverges | diverges | diverges | diverges | postgres_call_syntax_accepts_named_arguments                 | ansi_call_syntax_rejects_named_arguments
string_func_forms          | stable   | baseline | diverges | diverges | diverges | diverges | postgres_string_func_forms_accepts_substring_from_for        | sqlite_string_func_forms_rejects_substring_from_for
aggregate_call_syntax      | stable   | baseline | baseline | diverges | diverges | diverges | postgres_aggregate_call_syntax_accepts_filter_clause         | mysql_aggregate_call_syntax_rejects_filter_clause
predicate_syntax           | stable   | baseline | diverges | baseline | diverges | diverges | predicate_syntax_accepts_like_family                         | ansi_predicate_syntax_rejects_ilike_and_similar_to
pipe_operator              | stable   | baseline | baseline | diverges | baseline | baseline | ansi_pipe_operator_concatenates                              | logical_or_pipe_operator_diverges
double_ampersand           | stable   | baseline | baseline | diverges | baseline | diverges | logical_and_ampersand_parses_as_and                          | ansi_rejects_double_ampersand_operator
keyword_operators          | stable   | baseline | baseline | diverges | diverges | diverges | mysql_keyword_operators_parse_with_their_precedence          | ansi_rejects_keyword_operators
caret_operator             | stable   | baseline | diverges | diverges | baseline | diverges | caret_operator_readings_parse_under_their_dialect            | ansi_rejects_caret_operator
hash_bitwise_xor           | stable   | baseline | diverges | baseline | baseline | baseline | hash_bitwise_xor_parses                                      | ansi_rejects_hash_bitwise_xor
comment_syntax             | stable   | baseline | diverges | diverges | diverges | diverges | hash_comment_dialect_skips_line_comment                      | ansi_rejects_hash_line_comment
mutation_syntax            | stable   | baseline | diverges | diverges | diverges | diverges | postgres_mutation_syntax_accepts_returning_and_on_conflict   | ansi_mutation_syntax_rejects_returning_and_on_conflict
statement_ddl_gates        | stable   | baseline | diverges | diverges | diverges | diverges | sqlite_schema_change_syntax_accepts_create_trigger           | ansi_and_postgres_schema_change_syntax_reject_create_trigger
create_table_clause_syntax | stable   | baseline | diverges | diverges | diverges | diverges | mysql_create_table_clause_syntax_accepts_table_options       | ansi_create_table_clause_syntax_rejects_table_options
column_definition_syntax   | stable   | baseline | diverges | diverges | diverges | diverges | postgres_column_definition_syntax_accepts_column_collation   | ansi_column_definition_syntax_rejects_column_collation
constraint_syntax          | stable   | baseline | diverges | diverges | diverges | diverges | postgres_constraint_syntax_accepts_deferrable                | mysql_constraint_syntax_rejects_deferrable
index_alter_syntax         | stable   | baseline | diverges | diverges | diverges | diverges | postgres_index_alter_syntax_accepts_index_concurrently       | ansi_index_alter_syntax_rejects_index_concurrently
existence_guards           | stable   | baseline | diverges | diverges | diverges | diverges | postgres_existence_guards_accepts_if_exists                  | ansi_existence_guards_rejects_if_exists
select_syntax              | stable   | baseline | diverges | diverges | diverges | diverges | postgres_select_syntax_accepts_distinct_on_and_fetch_first   | ansi_select_syntax_rejects_distinct_on
query_tail_syntax          | stable   | baseline | diverges | diverges | diverges | diverges | postgres_query_tail_syntax_accepts_locking_clause            | ansi_query_tail_syntax_rejects_locking_clause
grouping_syntax            | stable   | baseline | diverges | diverges | diverges | diverges | postgres_grouping_syntax_accepts_order_by_using              | ansi_grouping_syntax_rejects_order_by_using
utility_syntax             | stable   | baseline | diverges | diverges | diverges | diverges | postgres_utility_syntax_accepts_copy                         | ansi_utility_syntax_rejects_copy
show_syntax                | stable   | baseline | baseline | diverges | diverges | diverges | duckdb_show_syntax_accepts_describe_summarize_statement      | ansi_show_syntax_rejects_describe_summarize
maintenance_syntax         | stable   | baseline | diverges | diverges | diverges | diverges | sqlite_maintenance_syntax_accepts_vacuum_reindex_and_analyze | ansi_and_postgres_maintenance_syntax_reject_vacuum_reindex_and_analyze
access_control_syntax      | stable   | baseline | baseline | diverges | diverges | baseline | postgres_access_control_syntax_accepts_grant                 | sqlite_access_control_syntax_rejects_grant
type_name_syntax           | stable   | baseline | diverges | diverges | diverges | diverges | mysql_type_name_syntax_accepts_extended_type_names           | ansi_type_name_syntax_rejects_value_list_types
target_spelling            | stable   | baseline | diverges | baseline | baseline | diverges | ansi_target_spelling_renders_standard_types                  | postgres_target_spelling_renders_pg_types
