---
source: conformance/src/coverage/labeled.rs
expression: render_subflag_arrays()
---
string_literals
  escape_strings
  dollar_quoted_strings
  national_strings
  double_quoted_strings
  backslash_escapes
  unicode_strings
  bit_string_literals
  blob_literals
  charset_introducers
  same_line_adjacent_concat
numeric_literals
  hex_integers
  octal_integers
  binary_integers
  underscore_separators
  radix_leading_underscore
  money_literals
  reject_trailing_junk
comment_syntax
  line_comment_hash
  line_comment_ends_at_carriage_return
  nested_block_comments
  versioned_comments
  unterminated_block_comment_at_eof
parameters
  positional_dollar
  anonymous_question
  named_colon
  named_at
  numbered_question
session_variables
  user_variables
  system_variables
  variable_assignment
identifier_syntax
  dollar_in_identifiers
  string_literal_identifiers
  string_literal_table_names
  empty_quoted_identifiers
table_expressions
  only
  table_sample
  parenthesized_joins
  table_alias_column_lists
  join_using_alias
  index_hints
  table_hints
  partition_selection
  base_table_alias_column_lists
  string_literal_aliases
  aliased_parenthesized_join
join_syntax
  stacked_join_qualifiers
  full_outer_join
  natural_cross_join
  straight_join
  asof_join
  positional_join
  semi_anti_join
  sided_semi_anti_join
  recursive_search_cycle
  recursive_union_rejects_order_limit
table_factor_syntax
  lateral
  table_functions
  rows_from
  unnest
  unnest_with_offset
  table_function_ordinality
  pivot
  unpivot
  show_ref
  from_values
  special_function_table_source
  json_table
  xml_table
  table_expr_factor
  pivot_value_sources
  match_recognize
  open_json
mutation_syntax
  returning
  on_conflict
  on_duplicate_key_update
  multi_column_assignment
  where_current_of
  merge
  replace_into
  insert_set
  update_delete_tails
  or_conflict_action
  delete_using
  update_from
  delete_using_target_alias
  cte_before_insert
  cte_before_merge
  data_modifying_ctes
  merge_when_not_matched_by
  merge_insert_default_values
  merge_insert_overriding
statement_ddl_gates
  create_trigger
  create_macro
  create_secret
  create_type
  create_virtual_table
  create_sequence
  schemas
  databases
  materialized_views
  temporary_views
  routines
  compound_statements
  or_replace
  spatial_reference_system
  resource_group
  extension_ddl
  transform_ddl
  alter_system
  tablespace_ddl
  logfile_group_ddl
  schema_elements
  drop_database
  recursive_views
  alter_database
  alter_database_options
  server_definition
  alter_instance
  alter_sequence
  alter_object_set_schema
  view_definition_options
create_table_clause_syntax
  table_options
  without_rowid_table_option
  strict_table_option
  create_or_replace_table
  storage_parameters
  on_commit
  create_table_as_with_data
  declarative_partitioning
  table_inheritance
  like_source_table
  statement_level_table_like
  unlogged_tables
  table_access_method
  without_oids
  typed_tables
  create_table_as_execute
column_definition_syntax
  generated_column_shorthand
  column_conflict_resolution_clause
  typeless_column_definitions
  joined_autoincrement_attribute
  inline_primary_key_ordering
  named_column_collate_constraint
  identity_columns
  default_expression_requires_parens
  column_collation
  column_storage
constraint_syntax
  deferrable_constraints
  named_inline_non_check_constraints
  bare_constraint_name
  exclusion_constraints
  constraint_no_inherit_not_valid
  index_constraint_parameters
  constraint_column_collate_order
index_alter_syntax
  drop_behavior
  index_drop_on_table
  index_concurrently
  index_using_method
  partial_index
  alter_table_extended
  index_if_not_exists
  index_nulls_order
  routine_arg_types
  routine_arg_defaults
  routine_arg_modes
  alter_existence_guards
  alter_column_set_data_type
existence_guards
  if_exists
  create_database_if_not_exists
expression_syntax
  typecast_operator
  subscript
  slice_step
  collate
  at_time_zone
  semi_structured_access
  array_constructor
  collection_literals
  row_constructor
  struct_constructor
  field_selection
  field_wildcard
  typed_string_literals
  typed_interval_literal
  relaxed_interval_syntax
  mysql_interval_operator
  positional_column
  lambda_keyword
operator_syntax
  operator_construct
  containment_operators
  json_arrow_operators
  jsonb_operators
  truth_value_tests
  null_safe_equals
  lambda_expressions
  bitwise_operators
  quantified_comparisons
  custom_operators
  postfix_operators
call_syntax
  named_argument
  variadic_argument
  utc_special_functions
  columns_expression
  extract_from_syntax
  try_cast
  restricted_cast_targets
  extract_string_field
  method_chaining
  sqljson_expression_functions
  xml_expression_functions
string_func_forms
  substring_from_for
  substring_leading_for
  substring_similar
  substring_plain_call_requires_2_or_3_args
  substr_from_for
  position_in
  position_asymmetric_operands
  overlay_placing
  overlay_requires_placing
  trim_from
  trim_list_syntax
  ceil_to_field
  floor_to_field
aggregate_call_syntax
  group_concat_separator
  within_group
  aggregate_filter
  aggregate_args_require_adjacent_paren
  null_treatment
  aggregate_calls_reject_empty_arguments
  over_requires_windowable_function
predicate_syntax
  like
  ilike
  similar_to
  unparenthesized_in_list
select_syntax
  distinct_on
  select_into
  empty_target_list
  qualify
  alias_string_literals
  bare_alias_string_literals
  union_by_name
  from_first
  explicit_table
  wildcard_modifiers
  qualified_wildcard_alias
  parenthesized_query_operands
  values_rows_require_equal_arity
  values_row_constructor
  as_alias_rejects_reserved
query_tail_syntax
  fetch_first
  limit_offset_comma
  using_sample
  locking_clauses
  key_lock_strengths
  stacked_locking_clauses
  leading_offset
  limit_expressions
  limit_percent
  pipe_syntax
grouping_syntax
  grouping_sets
  with_rollup
  order_by_using
  group_by_all
  order_by_all
utility_syntax
  copy
  copy_into
  comment_on
  pragma
  attach
  kill
  handler_statements
  plugin_component_statements
  shutdown
  restart
  clone
  import_table
  help_statement
  binlog
  key_cache_statements
  use_statement
  prepared_statements
  prepare_typed_parameters
  prepared_statements_from
  call
  call_bare_name
  load_extension
  load_bare_name
  reset_scope
  detach_if_exists
  do_statement
  rename_statement
  flush
  purge_binary_logs
  replication_statements
  use_qualified_name
  use_string_literal_name
  load_data
  do_expression_list
  lock_tables
  lock_instance
  stage_references
  signal_diagnostics
  export_import_database
  update_extensions
transaction_syntax
  transaction_name
  start_transaction
  start_transaction_block_optional
  transaction_work_keyword
  begin_transaction_keyword
  commit_transaction_keyword
  rollback_transaction_keyword
  begin_transaction_modes
  transaction_savepoints
  set_transaction
  transaction_isolation_mode
  transaction_access_mode
  transaction_deferrable_mode
  start_transaction_isolation_mode
  start_transaction_deferrable_mode
  start_transaction_consistent_snapshot
  transaction_multiple_modes
  transaction_modes_require_commas
  transaction_modes_reject_duplicates
  abort_transaction_alias
  end_transaction_alias
  transaction_release
  transaction_chain
  release_savepoint_keyword_optional
  begin_transaction_mode
  xa_transactions
show_syntax
  describe
  describe_summarize
  session_statements
  show_tables
  show_columns
  show_create_table
  show_functions
  show_routine_status
  show_verbose
  show_admin
maintenance_syntax
  vacuum
  vacuum_analyze
  reindex
  analyze
  analyze_columns
  checkpoint
  checkpoint_database
  table_maintenance
access_control_syntax
  access_control
  access_control_extended_objects
  user_role_management
  access_control_account_grants
type_name_syntax
  extended_scalar_type_names
  enum_type
  set_type
  numeric_modifiers
  integer_display_width
  composite_types
  varchar_requires_length
  zoned_temporal_types
  empty_type_parens
  character_set_annotation
  signed_type_modifier
  liberal_type_names
  string_type_modifiers
