---
source: conformance/src/coverage/labeled.rs
assertion_line: 7291
expression: render_toggleable_feature_names()
---
access_control_syntax::access_control
access_control_syntax::access_control_account_grants
access_control_syntax::access_control_extended_objects
access_control_syntax::alter_role_rename
access_control_syntax::user_role_management
aggregate_call_syntax::aggregate_args_require_adjacent_paren
aggregate_call_syntax::aggregate_calls_reject_empty_arguments
aggregate_call_syntax::aggregate_filter
aggregate_call_syntax::filter_optional_where
aggregate_call_syntax::group_concat_separator
aggregate_call_syntax::null_treatment
aggregate_call_syntax::over_requires_windowable_function
aggregate_call_syntax::standalone_argument_order_by
aggregate_call_syntax::window_function_tail
aggregate_call_syntax::within_group
call_syntax::columns_expression
call_syntax::convert_function
call_syntax::extract_from_syntax
call_syntax::extract_string_field
call_syntax::merge_action_function
call_syntax::method_chaining
call_syntax::named_argument
call_syntax::restricted_cast_targets
call_syntax::sqljson_constructors_require_argument
call_syntax::sqljson_expression_functions
call_syntax::try_cast
call_syntax::utc_special_functions
call_syntax::variadic_argument
call_syntax::xml_expression_functions
column_definition_syntax::column_collation
column_definition_syntax::column_conflict_resolution_clause
column_definition_syntax::column_default_requires_b_expr
column_definition_syntax::column_storage
column_definition_syntax::compact_identity_columns
column_definition_syntax::default_expression_requires_parens
column_definition_syntax::generated_column_shorthand
column_definition_syntax::identity_columns
column_definition_syntax::inline_primary_key_ordering
column_definition_syntax::joined_autoincrement_attribute
column_definition_syntax::named_column_collate_constraint
column_definition_syntax::typeless_column_definitions
column_definition_syntax::typeless_generated_columns
column_definition_syntax::underscored_autoincrement_attribute
comment_syntax::line_comment_ends_at_carriage_return
comment_syntax::line_comment_hash
comment_syntax::nested_block_comments
comment_syntax::unterminated_block_comment_at_eof
comment_syntax::versioned_comments
constraint_syntax::bare_constraint_name
constraint_syntax::check_constraint_subqueries
constraint_syntax::constraint_column_collate_order
constraint_syntax::constraint_no_inherit_not_valid
constraint_syntax::deferrable_constraints
constraint_syntax::exclusion_constraints
constraint_syntax::index_constraint_parameters
constraint_syntax::named_inline_non_check_constraints
constraint_syntax::referential_action_cascade_set
create_table_clause_syntax::create_table_as_execute
create_table_clause_syntax::create_table_as_with_data
create_table_clause_syntax::declarative_partitioning
create_table_clause_syntax::like_source_table
create_table_clause_syntax::on_commit
create_table_clause_syntax::statement_level_table_like
create_table_clause_syntax::storage_parameters
create_table_clause_syntax::strict_table_option
create_table_clause_syntax::table_access_method
create_table_clause_syntax::table_inheritance
create_table_clause_syntax::table_options
create_table_clause_syntax::typed_tables
create_table_clause_syntax::unlogged_tables
create_table_clause_syntax::without_oids
create_table_clause_syntax::without_rowid_table_option
existence_guards::create_database_if_not_exists
existence_guards::if_exists
existence_guards::view_if_not_exists
expression_syntax::array_constructor
expression_syntax::at_time_zone
expression_syntax::collate
expression_syntax::collection_literals
expression_syntax::field_selection
expression_syntax::field_wildcard
expression_syntax::lambda_keyword
expression_syntax::multidim_array_literals
expression_syntax::mysql_interval_operator
expression_syntax::positional_column
expression_syntax::relaxed_interval_syntax
expression_syntax::row_constructor
expression_syntax::semi_structured_access
expression_syntax::slice_step
expression_syntax::struct_constructor
expression_syntax::subscript
expression_syntax::typecast_operator
expression_syntax::typed_interval_literal
expression_syntax::typed_string_literals
grouping_syntax::group_by_all
grouping_syntax::group_by_set_quantifier
grouping_syntax::grouping_sets
grouping_syntax::order_by_all
grouping_syntax::order_by_using
grouping_syntax::with_rollup
identifier_syntax::dollar_in_identifiers
identifier_syntax::empty_quoted_identifiers
identifier_syntax::string_literal_identifiers
identifier_syntax::string_literal_table_names
index_alter_syntax::alter_column_add_identity
index_alter_syntax::alter_column_set_data_type
index_alter_syntax::alter_existence_guards
index_alter_syntax::alter_nested_column_paths
index_alter_syntax::alter_table_extended
index_alter_syntax::alter_table_multiple_actions
index_alter_syntax::alter_table_set_options
index_alter_syntax::drop_behavior
index_alter_syntax::drop_primary_key
index_alter_syntax::index_concurrently
index_alter_syntax::index_drop_on_table
index_alter_syntax::index_if_not_exists
index_alter_syntax::index_nulls_order
index_alter_syntax::index_storage_parameters
index_alter_syntax::index_using_method
index_alter_syntax::partial_index
index_alter_syntax::rename_constraint
index_alter_syntax::routine_arg_defaults
index_alter_syntax::routine_arg_modes
index_alter_syntax::routine_arg_types
index_alter_syntax::routine_language_string
join_syntax::apply_join
join_syntax::asof_join
join_syntax::full_outer_join
join_syntax::natural_cross_join
join_syntax::positional_join
join_syntax::recursive_search_cycle
join_syntax::recursive_union_rejects_order_limit
join_syntax::recursive_using_key
join_syntax::semi_anti_join
join_syntax::sided_semi_anti_join
join_syntax::stacked_join_qualifiers
join_syntax::straight_join
maintenance_syntax::analyze
maintenance_syntax::analyze_columns
maintenance_syntax::checkpoint
maintenance_syntax::checkpoint_database
maintenance_syntax::reindex
maintenance_syntax::table_maintenance
maintenance_syntax::vacuum
maintenance_syntax::vacuum_analyze
mutation_syntax::cte_before_insert
mutation_syntax::cte_before_merge
mutation_syntax::data_modifying_ctes
mutation_syntax::delete_using
mutation_syntax::delete_using_target_alias
mutation_syntax::insert_column_matching
mutation_syntax::insert_ignore
mutation_syntax::insert_overwrite
mutation_syntax::insert_set
mutation_syntax::joined_update_delete
mutation_syntax::merge
mutation_syntax::merge_error_action
mutation_syntax::merge_insert_default_values
mutation_syntax::merge_insert_multirow
mutation_syntax::merge_insert_overriding
mutation_syntax::merge_insert_star_by_name
mutation_syntax::merge_update_set_star
mutation_syntax::merge_when_not_matched_by
mutation_syntax::multi_column_assignment
mutation_syntax::on_conflict
mutation_syntax::on_duplicate_key_update
mutation_syntax::or_conflict_action
mutation_syntax::replace_into
mutation_syntax::returning
mutation_syntax::update_delete_tails
mutation_syntax::update_from
mutation_syntax::update_set_qualified_column
mutation_syntax::update_tuple_value_row_arity
mutation_syntax::where_current_of
numeric_literals::binary_integers
numeric_literals::hex_integers
numeric_literals::money_literals
numeric_literals::octal_integers
numeric_literals::radix_leading_underscore
numeric_literals::reject_trailing_junk
numeric_literals::underscore_separators
operator_syntax::bitwise_operators
operator_syntax::containment_operators
operator_syntax::custom_operators
operator_syntax::double_equals
operator_syntax::integer_divide_slash
operator_syntax::is_general_equality
operator_syntax::json_arrow_operators
operator_syntax::jsonb_operators
operator_syntax::lambda_expressions
operator_syntax::null_safe_equals
operator_syntax::null_test_postfix
operator_syntax::operator_construct
operator_syntax::postfix_operators
operator_syntax::quantified_arbitrary_operator
operator_syntax::quantified_comparison_lists
operator_syntax::quantified_comparisons
operator_syntax::starts_with_operator
operator_syntax::truth_value_tests
parameters::anonymous_question
parameters::named_at
parameters::named_colon
parameters::named_dollar
parameters::numbered_question
parameters::positional_dollar
parameters::positional_dollar_large
predicate_syntax::between_symmetric
predicate_syntax::empty_in_list
predicate_syntax::ilike
predicate_syntax::is_distinct_from
predicate_syntax::is_normalized
predicate_syntax::like
predicate_syntax::null_test_two_word_postfix
predicate_syntax::overlaps_period_predicate
predicate_syntax::pattern_match_quantifier
predicate_syntax::similar_to
predicate_syntax::unparenthesized_in_list
query_tail_syntax::fetch_first
query_tail_syntax::for_xml_json_clause
query_tail_syntax::format_clause
query_tail_syntax::key_lock_strengths
query_tail_syntax::leading_offset
query_tail_syntax::limit_by_clause
query_tail_syntax::limit_expressions
query_tail_syntax::limit_offset_comma
query_tail_syntax::limit_percent
query_tail_syntax::locking_clauses
query_tail_syntax::pipe_syntax
query_tail_syntax::settings_clause
query_tail_syntax::stacked_locking_clauses
query_tail_syntax::using_sample
query_tail_syntax::with_ties_requires_order_by
select_syntax::alias_string_literals
select_syntax::as_alias_rejects_reserved
select_syntax::bare_alias_string_literals
select_syntax::connect_by_clause
select_syntax::distinct_on
select_syntax::empty_target_list
select_syntax::except_all
select_syntax::explicit_table
select_syntax::from_first
select_syntax::intersect_all
select_syntax::lateral_view_clause
select_syntax::parenthesized_query_operands
select_syntax::prefix_colon_alias
select_syntax::qualified_wildcard_alias
select_syntax::qualify
select_syntax::select_into
select_syntax::trailing_comma
select_syntax::union_by_name
select_syntax::values_row_constructor
select_syntax::values_rows_require_equal_arity
select_syntax::wildcard_modifiers
select_syntax::wildcard_replace
session_variables::system_variables
session_variables::user_variables
session_variables::variable_assignment
show_syntax::describe
show_syntax::describe_summarize
show_syntax::session_statements
show_syntax::set_value_null_keyword
show_syntax::set_value_on_keyword
show_syntax::show_admin
show_syntax::show_columns
show_syntax::show_create_table
show_syntax::show_functions
show_syntax::show_routine_status
show_syntax::show_tables
show_syntax::show_verbose
statement_ddl_gates::alter_database
statement_ddl_gates::alter_database_options
statement_ddl_gates::alter_instance
statement_ddl_gates::alter_object_set_schema
statement_ddl_gates::alter_sequence
statement_ddl_gates::alter_system
statement_ddl_gates::colocation_groups
statement_ddl_gates::compound_statements
statement_ddl_gates::create_macro
statement_ddl_gates::create_or_replace_table
statement_ddl_gates::create_secret
statement_ddl_gates::create_sequence
statement_ddl_gates::create_trigger
statement_ddl_gates::create_type
statement_ddl_gates::create_virtual_table
statement_ddl_gates::databases
statement_ddl_gates::drop_database
statement_ddl_gates::extension_ddl
statement_ddl_gates::logfile_group_ddl
statement_ddl_gates::materialized_views
statement_ddl_gates::or_replace
statement_ddl_gates::resource_group
statement_ddl_gates::routines
statement_ddl_gates::schema_elements
statement_ddl_gates::schemas
statement_ddl_gates::server_definition
statement_ddl_gates::spatial_reference_system
statement_ddl_gates::tablespace_ddl
statement_ddl_gates::transform_ddl
string_func_forms::ceil_to_field
string_func_forms::collation_for_expression
string_func_forms::floor_to_field
string_func_forms::match_against
string_func_forms::overlay_placing
string_func_forms::overlay_requires_placing
string_func_forms::position_asymmetric_operands
string_func_forms::position_in
string_func_forms::substr_from_for
string_func_forms::substring_from_for
string_func_forms::substring_leading_for
string_func_forms::substring_plain_call_requires_2_or_3_args
string_func_forms::substring_similar
string_func_forms::trim_from
string_func_forms::trim_list_syntax
string_literals::backslash_escapes
string_literals::bit_string_literals
string_literals::blob_literals
string_literals::charset_introducers
string_literals::dollar_quoted_strings
string_literals::double_quoted_strings
string_literals::escape_strings
string_literals::national_strings
string_literals::same_line_adjacent_concat
string_literals::unicode_strings
table_expressions::aliased_parenthesized_join
table_expressions::bare_table_alias_is_bare_label
table_expressions::base_table_alias_column_lists
table_expressions::index_hints
table_expressions::indexed_by
table_expressions::join_using_alias
table_expressions::only
table_expressions::parenthesized_joins
table_expressions::partition_selection
table_expressions::string_literal_aliases
table_expressions::table_alias_column_lists
table_expressions::table_hints
table_expressions::table_json_path
table_expressions::table_sample
table_expressions::table_version
table_factor_syntax::from_values
table_factor_syntax::json_table
table_factor_syntax::lateral
table_factor_syntax::match_recognize
table_factor_syntax::open_json
table_factor_syntax::pivot
table_factor_syntax::pivot_value_sources
table_factor_syntax::rows_from
table_factor_syntax::show_ref
table_factor_syntax::special_function_table_source
table_factor_syntax::table_expr_factor
table_factor_syntax::table_function_ordinality
table_factor_syntax::table_functions
table_factor_syntax::unnest
table_factor_syntax::unnest_with_offset
table_factor_syntax::unpivot
table_factor_syntax::xml_table
transaction_syntax::abort_transaction_alias
transaction_syntax::begin_transaction_keyword
transaction_syntax::begin_transaction_mode
transaction_syntax::begin_transaction_modes
transaction_syntax::commit_transaction_keyword
transaction_syntax::end_transaction_alias
transaction_syntax::release_savepoint_keyword_optional
transaction_syntax::rollback_transaction_keyword
transaction_syntax::set_transaction
transaction_syntax::start_transaction
transaction_syntax::start_transaction_block_optional
transaction_syntax::start_transaction_consistent_snapshot
transaction_syntax::start_transaction_deferrable_mode
transaction_syntax::start_transaction_isolation_mode
transaction_syntax::transaction_access_mode
transaction_syntax::transaction_chain
transaction_syntax::transaction_deferrable_mode
transaction_syntax::transaction_isolation_mode
transaction_syntax::transaction_modes_reject_duplicates
transaction_syntax::transaction_modes_require_commas
transaction_syntax::transaction_multiple_modes
transaction_syntax::transaction_name
transaction_syntax::transaction_release
transaction_syntax::transaction_savepoints
transaction_syntax::transaction_work_keyword
transaction_syntax::xa_transactions
type_name_syntax::angle_bracket_types
type_name_syntax::bit_width_integer_names
type_name_syntax::character_set_annotation
type_name_syntax::composite_types
type_name_syntax::empty_type_parens
type_name_syntax::enum_type
type_name_syntax::extended_scalar_type_names
type_name_syntax::fixed_string_type
type_name_syntax::integer_display_width
type_name_syntax::liberal_type_names
type_name_syntax::low_cardinality_type
type_name_syntax::nested_type
type_name_syntax::nullable_type
type_name_syntax::numeric_modifiers
type_name_syntax::set_type
type_name_syntax::signed_type_modifier
type_name_syntax::string_type_modifiers
type_name_syntax::varchar_requires_length
type_name_syntax::zoned_temporal_types
utility_syntax::attach
utility_syntax::binlog
utility_syntax::call
utility_syntax::call_bare_name
utility_syntax::clone
utility_syntax::comment_if_exists
utility_syntax::comment_on
utility_syntax::copy
utility_syntax::copy_into
utility_syntax::detach_if_exists
utility_syntax::do_expression_list
utility_syntax::do_statement
utility_syntax::export_import_database
utility_syntax::flush
utility_syntax::handler_statements
utility_syntax::help_statement
utility_syntax::import_table
utility_syntax::key_cache_statements
utility_syntax::kill
utility_syntax::load_bare_name
utility_syntax::load_data
utility_syntax::load_extension
utility_syntax::lock_instance
utility_syntax::lock_tables
utility_syntax::plugin_component_statements
utility_syntax::pragma
utility_syntax::prepare_typed_parameters
utility_syntax::prepared_statements
utility_syntax::prepared_statements_from
utility_syntax::purge_binary_logs
utility_syntax::rename_statement
utility_syntax::replication_statements
utility_syntax::reset_scope
utility_syntax::restart
utility_syntax::shutdown
utility_syntax::signal_diagnostics
utility_syntax::stage_references
utility_syntax::update_extensions
utility_syntax::use_qualified_name
utility_syntax::use_statement
utility_syntax::use_string_literal_name
view_sequence_clause_syntax::create_sequence_cache
view_sequence_clause_syntax::materialized_view_to
view_sequence_clause_syntax::recursive_views
view_sequence_clause_syntax::temporary_views
view_sequence_clause_syntax::view_definition_options
