---
source: bench/tests/allocations.rs
expression: bytes
---
tokenize_analytic_select: total_bytes=900 max_bytes=600
tokenize_ddl_create_table: total_bytes=144 max_bytes=144
tokenize_dml_insert: total_bytes=468 max_bytes=312
parse_ansi_analytic_select: total_bytes=3788 max_bytes=3428
parse_ansi_multi_statement: total_bytes=3410 max_bytes=3250
parse_postgres_analytic_select: total_bytes=3788 max_bytes=3428
parse_ansi_ddl_create_table: total_bytes=1142 max_bytes=1031
parse_ansi_dml_insert: total_bytes=1152 max_bytes=972
parse_ansi_dml_update: total_bytes=1128 max_bytes=1056
parse_ansi_dml_delete: total_bytes=952 max_bytes=888
